   Compiling proc-macro2 v1.0.101
   Compiling unicode-ident v1.0.19
   Compiling quote v1.0.41
   Compiling libc v0.2.177
   Compiling cfg-if v1.0.3
   Compiling serde_core v1.0.228
   Compiling version_check v0.9.5
   Compiling serde v1.0.228
   Compiling typenum v1.19.0
   Compiling subtle v2.6.1
   Compiling const-oid v0.9.6
   Compiling generic-array v0.14.8
   Compiling cfg_aliases v0.2.1
   Compiling zerocopy v0.8.27
   Compiling equivalent v1.0.2
   Compiling hashbrown v0.16.0
   Compiling winnow v0.7.13
   Compiling indexmap v2.11.4
   Compiling toml_datetime v0.7.3
   Compiling once_cell v1.21.3
   Compiling borsh v1.5.7
   Compiling five8_core v0.1.2
   Compiling five8 v0.2.1
   Compiling autocfg v1.5.0
   Compiling toml_parser v1.0.4
   Compiling semver v1.0.27
   Compiling five8_const v0.1.4
   Compiling getrandom v0.2.16
   Compiling cpufeatures v0.2.17
   Compiling toml_edit v0.23.7
   Compiling rustc_version v0.4.1
   Compiling rand_core v0.6.4
   Compiling num-traits v0.2.19
   Compiling curve25519-dalek v4.1.3
   Compiling proc-macro-crate v3.4.0
   Compiling syn v2.0.106
   Compiling memchr v2.7.6
   Compiling getrandom v0.3.3
   Compiling itoa v1.0.15
   Compiling log v0.4.28
   Compiling ahash v0.8.12
   Compiling shlex v1.3.0
   Compiling find-msvc-tools v0.1.4
   Compiling syn v1.0.109
   Compiling solana-sanitize v3.0.1
   Compiling solana-atomic-u64 v3.0.0
   Compiling ryu v1.0.20
   Compiling serde_json v1.0.145
   Compiling ppv-lite86 v0.2.21
   Compiling rand_chacha v0.3.1
   Compiling jobserver v0.1.34
   Compiling rand v0.8.5
   Compiling cc v1.2.41
   Compiling solana-sanitize v2.2.1
   Compiling bs58 v0.5.1
   Compiling solana-atomic-u64 v2.2.1
   Compiling hashbrown v0.13.2
   Compiling lazy_static v1.5.0
   Compiling solana-decode-error v2.3.0
   Compiling fnv v1.0.7
   Compiling percent-encoding v2.3.2
   Compiling thiserror v2.0.17
   Compiling smallvec v1.15.1
   Compiling base64 v0.22.1
   Compiling pin-project-lite v0.2.16
   Compiling arrayref v0.3.9
   Compiling feature-probe v0.1.1
   Compiling blake3 v1.8.2
   Compiling bv v0.11.1
   Compiling parking_lot_core v0.9.12
   Compiling arrayvec v0.7.6
   Compiling constant_time_eq v0.3.1
   Compiling scopeguard v1.2.0
   Compiling lock_api v0.4.14
   Compiling synstructure v0.13.2
   Compiling thiserror v1.0.69
   Compiling ring v0.17.14
   Compiling signal-hook-registry v1.4.6
   Compiling serde_derive v1.0.228
   Compiling zeroize_derive v1.4.3
   Compiling borsh-derive v1.5.7
   Compiling bytemuck_derive v1.10.2
   Compiling toml v0.5.11
   Compiling borsh-derive-internal v0.10.4
   Compiling borsh-schema-derive-internal v0.10.4
   Compiling zeroize v1.8.2
   Compiling thiserror-impl v2.0.17
   Compiling proc-macro-crate v0.1.5
   Compiling bytemuck v1.24.0
   Compiling displaydoc v0.2.5
   Compiling crypto-common v0.1.6
   Compiling block-buffer v0.10.4
   Compiling digest v0.10.7
   Compiling borsh-derive v0.10.4
   Compiling zerofrom-derive v0.1.6
   Compiling thiserror-impl v1.0.69
   Compiling sha2 v0.10.9
   Compiling borsh v0.10.4
   Compiling futures-core v0.3.31
   Compiling parking_lot v0.12.5
   Compiling zerofrom v0.1.6
   Compiling yoke-derive v0.8.0
   Compiling mio v1.0.4
   Compiling stable_deref_trait v1.2.1
   Compiling either v1.15.0
   Compiling signature v2.2.0
   Compiling untrusted v0.9.0
   Compiling bincode v1.3.3
   Compiling solana-hash v3.0.0
   Compiling solana-program-error v3.0.0
   Compiling solana-sha256-hasher v3.0.0
   Compiling solana-hash v2.3.0
   Compiling bitflags v2.9.4
   Compiling solana-instruction-error v2.0.0
   Compiling solana-sha256-hasher v2.3.0
   Compiling bytes v1.10.1
   Compiling yoke v0.8.0
   Compiling zerovec-derive v0.11.1
   Compiling num-integer v0.1.46
   Compiling serde_bytes v0.11.19
   Compiling solana-address v1.0.0
   Compiling solana-pubkey v2.4.0
   Compiling solana-pubkey v3.0.0
   Compiling solana-instruction v2.3.3
   Compiling solana-sdk-ids v3.0.0
   Compiling solana-sdk-ids v2.2.1
   Compiling socket2 v0.6.1
   Compiling zerovec v0.11.4
   Compiling solana-sysvar-id v3.0.0
   Compiling tokio-macros v2.5.0
   Compiling solana-sysvar-id v2.2.1
   Compiling solana-instruction v3.0.0
   Compiling hmac v0.12.1
   Compiling futures-sink v0.3.31
   Compiling slab v0.4.11
   Compiling crossbeam-utils v0.8.21
   Compiling tokio v1.47.1
   Compiling futures-channel v0.3.31
   Compiling solana-transaction-error v3.0.0
   Compiling ed25519 v2.2.3
   Compiling solana-sdk-macro v3.0.0
   Compiling litemap v0.8.0
   Compiling tinystr v0.8.1
   Compiling pin-utils v0.1.0
   Compiling writeable v0.6.1
   Compiling potential_utf v0.1.3
   Compiling ed25519-dalek v2.2.0
   Compiling zerotrie v0.2.2
   Compiling solana-sdk-macro v2.2.1
   Compiling futures-macro v0.3.31
   Compiling derivation-path v0.2.0
   Compiling futures-task v0.3.31
   Compiling crunchy v0.2.4
   Compiling futures-io v0.3.31
   Compiling icu_properties_data v2.0.1
   Compiling icu_normalizer_data v2.0.0
   Compiling byteorder v1.5.0
   Compiling icu_locale_core v2.0.0
   Compiling icu_collections v2.0.0
   Compiling futures-util v0.3.31
   Compiling num-bigint v0.4.6
   Compiling serde-big-array v0.5.1
   Compiling qstring v0.7.2
   Compiling uriparse v0.6.4
   Compiling memoffset v0.9.1
   Compiling icu_provider v2.0.0
   Compiling solana-signature v3.1.0
   Compiling rustls-pki-types v1.12.0
   Compiling solana-msg v2.2.1
   Compiling solana-program-error v2.2.2
   Compiling icu_properties v2.0.1
   Compiling icu_normalizer v2.0.0
   Compiling pbkdf2 v0.11.0
   Compiling keccak v0.1.5
   Compiling rustls v0.23.32
   Compiling httparse v1.10.1
   Compiling idna_adapter v1.2.1
   Compiling rustls-webpki v0.103.7
   Compiling solana-system-interface v1.0.0
   Compiling form_urlencoded v1.2.2
   Compiling solana-program-memory v2.3.1
   Compiling ident_case v1.0.1
   Compiling utf8_iter v1.0.4
   Compiling strsim v0.11.1
   Compiling idna v1.1.0
   Compiling solana-account-info v2.3.0
   Compiling sha3 v0.10.8
   Compiling solana-signer v3.0.0
   Compiling solana-clock v2.2.3
   Compiling digest v0.9.0
   Compiling http v1.3.1
   Compiling num-derive v0.4.2
   Compiling tracing-core v0.1.34
   Compiling solana-program-memory v3.0.0
   Compiling getrandom v0.1.16
   Compiling http-body v1.0.1
   Compiling libsecp256k1-core v0.2.2
   Compiling tracing v0.1.41
   Compiling solana-account-info v3.0.0
   Compiling url v2.5.7
   Compiling solana-clock v3.0.0
   Compiling solana-short-vec v3.0.0
   Compiling crc32fast v1.5.0
   Compiling alloc-no-stdlib v2.0.4
   Compiling solana-msg v3.0.0
   Compiling opaque-debug v0.3.1
   Compiling alloc-stdlib v0.2.2
   Compiling solana-message v3.0.1
   Compiling solana-epoch-schedule v3.0.0
   Compiling solana-slot-hashes v3.0.0
   Compiling solana-fee-calculator v3.0.0
   Compiling adler2 v2.0.1
   Compiling simd-adler32 v0.3.7
   Compiling tower-service v0.3.3
   Compiling try-lock v0.2.5
   Compiling miniz_oxide v0.8.9
   Compiling want v0.3.1
   Compiling rand_core v0.5.1
   Compiling brotli-decompressor v5.0.0
   Compiling libsecp256k1-gen-genmult v0.2.1
   Compiling libsecp256k1-gen-ecmult v0.2.1
   Compiling solana-rent v3.0.0
   Compiling solana-transaction-error v2.2.1
   Compiling atomic-waker v1.1.2
   Compiling solana-define-syscall v3.0.0
   Compiling hyper v1.7.0
   Compiling solana-program-entrypoint v3.1.0
   Compiling libsecp256k1 v0.6.0
   Compiling brotli v8.0.2
   Compiling flate2 v1.1.4
   Compiling rand_chacha v0.2.2
   Compiling solana-rent v2.2.1
   Compiling solana-epoch-rewards v3.0.0
   Compiling solana-last-restart-slot v3.0.0
   Compiling solana-slot-hashes v2.2.1
   Compiling solana-slot-history v3.0.0
   Compiling solana-serialize-utils v2.2.1
   Compiling solana-fee-calculator v2.2.1
   Compiling solana-short-vec v2.2.1
   Compiling sync_wrapper v1.0.2
   Compiling block-buffer v0.9.0
   Compiling pkg-config v0.3.32
   Compiling ipnet v2.11.0
   Compiling compression-core v0.4.29
   Compiling tower-layer v0.3.3
   Compiling sha2 v0.9.9
   Compiling tower v0.5.2
   Compiling zstd-sys v2.0.16+zstd.1.5.7
   Compiling hyper-util v0.1.17
   Compiling solana-sysvar v3.0.0
   Compiling rand v0.7.3
   Compiling tokio-rustls v0.26.4
   Compiling solana-cpi v2.2.1
   Compiling webpki-roots v1.0.3
   Compiling solana-bincode v2.2.1
   Compiling itertools v0.12.1
   Compiling base64 v0.12.3
   Compiling iri-string v0.7.8
   Compiling solana-message v2.4.0
   Compiling compression-codecs v0.4.31
   Compiling hyper-rustls v0.27.7
   Compiling async-compression v0.4.32
   Compiling solana-stake-interface v1.2.1
   Compiling solana-nonce v2.2.1
   Compiling solana-instructions-sysvar v2.2.2
   Compiling solana-address-lookup-table-interface v2.2.2
   Compiling tower-http v0.6.6
   Compiling http-body-util v0.1.3
   Compiling solana-account v2.2.1
   Compiling solana-keccak-hasher v2.2.1
   Compiling solana-program-entrypoint v2.3.0
   Compiling serde_urlencoded v0.7.1
   Compiling tokio-util v0.7.16
   Compiling solana-epoch-schedule v2.2.1
   Compiling solana-last-restart-slot v2.2.1
   Compiling solana-epoch-rewards v2.2.1
   Compiling solana-slot-history v2.2.1
   Compiling solana-serde-varint v2.2.2
   Compiling allocator-api2 v0.2.21
   Compiling solana-sysvar v2.3.0
   Compiling reqwest v0.12.23
   Compiling solana-vote-interface v2.2.6
   Compiling solana-example-mocks v2.2.1
   Compiling solana-feature-gate-interface v2.2.2
   Compiling solana-secp256k1-recover v2.2.1
   Compiling solana-account v3.1.0
   Compiling darling_core v0.21.3
   Compiling solana-loader-v3-interface v5.0.0
   Compiling solana-loader-v4-interface v2.2.1
   Compiling solana-program-pack v2.2.1
   Compiling solana-big-mod-exp v2.2.1
   Compiling solana-loader-v2-interface v2.2.1
   Compiling solana-stable-layout v2.2.1
   Compiling solana-serialize-utils v3.1.0
   Compiling solana-blake3-hasher v2.2.1
   Compiling solana-borsh v2.2.1
   Compiling inout v0.1.4
   Compiling rustversion v1.0.22
   Compiling zstd-safe v7.2.4
   Compiling solana-program-option v2.2.1
   Compiling solana-native-token v2.3.0
   Compiling void v1.0.2
   Compiling unreachable v1.0.0
   Compiling cipher v0.4.4
   Compiling solana-instructions-sysvar v3.0.0
   Compiling solana-derivation-path v3.0.0
   Compiling crossbeam-epoch v0.9.18
   Compiling portable-atomic v1.11.1
   Compiling ascii v0.9.3
   Compiling anyhow v1.0.100
   Compiling minimal-lexical v0.2.1
   Compiling core-foundation-sys v0.8.7
   Compiling nom v7.1.3
   Compiling combine v3.8.1
   Compiling crossbeam-deque v0.8.6
   Compiling darling_macro v0.21.3
   Compiling solana-seed-derivable v3.0.0
   Compiling darling v0.21.3
   Compiling solana-transaction v3.0.1
   Compiling futures-executor v0.3.31
   Compiling solana-seed-phrase v3.0.0
   Compiling hash32 v0.3.1
   Compiling ed25519-dalek-bip32 v0.3.0
   Compiling crossbeam-channel v0.5.15
   Compiling solana-serde-varint v3.0.0
   Compiling universal-hash v0.5.1
   Compiling num-conv v0.1.0
   Compiling rayon-core v1.13.0
   Compiling rustc-demangle v0.1.26
   Compiling unicode-xid v0.2.6
   Compiling powerfmt v0.2.0
   Compiling time-core v0.1.6
   Compiling deranged v0.5.4
   Compiling time-macros v0.2.24
   Compiling solana-program v2.3.0
   Compiling synstructure v0.12.6
   Compiling solana-sbpf v0.12.2
   Compiling polyval v0.6.2
   Compiling solana-keypair v3.0.1
   Compiling futures v0.3.31
   Compiling serde_with_macros v3.15.0
   Compiling ctr v0.9.2
   Compiling aes v0.8.4
   Compiling solana-derivation-path v2.2.1
   Compiling solana-commitment-config v3.0.0
   Compiling aead v0.5.2
   Compiling solana-signature v2.3.0
   Compiling solana-version v3.0.6
   Compiling solana-time-utils v3.0.0
   Compiling solana-svm-feature-set v3.0.6
   Compiling data-encoding v2.9.0
   Compiling unicode-width v0.2.0
   Compiling tinyvec_macros v0.1.1
   Compiling time v0.3.44
   Compiling tinyvec v1.10.0
   Compiling serde_with v3.15.0
   Compiling solana-transaction-context v3.0.6
   Compiling agave-feature-set v3.0.6
   Compiling solana-signer v2.2.1
   Compiling aes-gcm-siv v0.11.1
   Compiling solana-seed-derivable v2.2.1
   Compiling spl-discriminator-syn v0.2.1
   Compiling asn1-rs-derive v0.4.0
   Compiling rusticata-macros v4.1.0
   Compiling spl-program-error-derive v0.4.1
   Compiling merlin v3.0.0
   Compiling solana-seed-phrase v2.2.1
   Compiling solana-curve25519 v2.3.13
   Compiling solana-cluster-type v3.0.0
   Compiling solana-reward-info v3.0.0
   Compiling solana-inflation v3.0.0
   Compiling asn1-rs-impl v0.1.0
   Compiling der v0.7.10
   Compiling cfg_eval v0.1.2
   Compiling async-trait v0.1.89
   Compiling rand_core v0.9.3
   Compiling gethostname v0.2.3
   Compiling num-bigint v0.2.6
   Compiling libm v0.2.15
   Compiling solana-zk-token-sdk v2.3.13
   Compiling rand_chacha v0.9.0
   Compiling solana-metrics v3.0.6
   Compiling asn1-rs v0.5.2
   Compiling solana-packet v3.0.0
   Compiling spl-program-error v0.5.0
   Compiling rayon v1.11.0
   Compiling spl-discriminator-derive v0.2.0
   Compiling security-framework-sys v2.15.0
   Compiling core-foundation v0.10.1
   Compiling rustls-webpki v0.101.7
   Compiling concurrent-queue v2.5.0
   Compiling spl-generic-token v2.0.1
   Compiling num-complex v0.2.4
   Compiling num-rational v0.2.4
   Compiling nix v0.30.1
   Compiling oid-registry v0.6.1
   Compiling rustls v0.21.12
   Compiling security-framework v3.5.1
   Compiling spl-discriminator v0.3.0
   Compiling rand v0.9.2
   Compiling spki v0.7.3
   Compiling hashbrown v0.14.5
   Compiling sct v0.7.1
   Compiling solana-serde v3.0.0
   Compiling dlopen2_derive v0.3.0
   Compiling ff v0.13.1
   Compiling num_cpus v1.17.0
   Compiling quinn-udp v0.5.14
   Compiling siphasher v1.0.1
   Compiling base64 v0.13.1
   Compiling solana-perf v3.0.6
   Compiling base16ct v0.2.0
   Compiling sec1 v0.7.3
   Compiling fastbloom v0.14.0
   Compiling rustls-platform-verifier v0.6.1
   Compiling dlopen2 v0.5.0
   Compiling solana-rayon-threadlimit v3.0.6
   Compiling group v0.13.0
   Compiling pkcs8 v0.10.2
   Compiling der-parser v8.2.0
   Compiling reqwest-middleware v0.4.2
   Compiling jsonrpc-core v18.0.0
   Compiling solana-system-interface v2.0.0
   Compiling spl-pod v0.3.1
   Compiling darling_core v0.20.11
   Compiling num-iter v0.1.45
   Compiling solana-epoch-info v3.0.0
   Compiling crypto-bigint v0.5.5
   Compiling num_enum_derive v0.7.4
   Compiling errno v0.3.14
   Compiling quinn v0.11.9
   Compiling rustc-hash v2.1.1
   Compiling foldhash v0.1.5
   Compiling lru-slab v0.1.2
   Compiling solana-measure v3.0.6
   Compiling quinn-proto v0.11.13
   Compiling hashbrown v0.15.2
   Compiling num_enum v0.7.4
   Compiling spl-type-length-value v0.5.0
   Compiling elliptic-curve v0.13.8
   Compiling num v0.2.1
   Compiling solana-net-utils v3.0.6
   Compiling x509-parser v0.14.0
   Compiling darling_macro v0.20.11
   Compiling dashmap v5.5.3
   Compiling webpki-roots v0.24.0
   Compiling console v0.16.1
   Compiling solana-quic-definitions v3.0.0
   Compiling solana-nonce v3.0.0
   Compiling quanta v0.12.6
   Compiling rfc6979 v0.4.0
   Compiling http v0.2.12
   Compiling sha1 v0.10.6
   Compiling spinning_top v0.3.0
   Compiling aho-corasick v1.1.3
   Compiling proc-macro-error-attr v1.0.4
   Compiling parking v2.2.1
   Compiling heck v0.5.0
   Compiling unit-prefix v0.5.1
   Compiling signal-hook v0.3.18
   Compiling utf-8 v0.7.6
   Compiling futures-timer v3.0.3
   Compiling utf8parse v0.2.2
   Compiling event-listener v2.5.3
   Compiling nonzero_ext v0.3.0
   Compiling no-std-compat v0.4.1
   Compiling regex-syntax v0.8.7
   Compiling governor v0.6.3
   Compiling async-channel v1.9.0
   Compiling anstyle-parse v0.2.7
   Compiling tungstenite v0.20.1
   Compiling indicatif v0.18.0
   Compiling event-listener v5.4.1
   Compiling regex-automata v0.4.12
   Compiling ecdsa v0.16.9
   Compiling solana-tls-utils v3.0.6
   Compiling solana-transaction-metrics-tracker v3.0.6
   Compiling darling v0.20.11
   Compiling percentage v0.1.0
   Compiling solana-connection-cache v3.0.6
   Compiling tokio-rustls v0.24.1
   Compiling pem v1.1.1
   Compiling solana-vote-interface v3.0.0
   Compiling solana-feature-gate-interface v3.0.0
   Compiling proc-macro-error v1.0.4
   Compiling is_terminal_polyfill v1.70.1
   Compiling histogram v0.6.9
   Compiling anstyle v1.0.13
   Compiling colorchoice v1.0.4
   Compiling rustix v0.38.44
   Compiling anstyle-query v1.1.4
   Compiling rustix v1.1.2
   Compiling webpki-roots v0.25.4
   Compiling arc-swap v1.7.1
   Compiling zstd v0.13.3
   Compiling tokio-tungstenite v0.20.1
   Compiling solana-streamer v3.0.6
   Compiling solana-account-decoder-client-types v3.0.6
   Compiling anstream v0.6.21
   Compiling regex v1.12.1
   Compiling k256 v0.13.4
   Compiling event-listener-strategy v0.5.4
   Compiling solana-transaction-status-client-types v3.0.6
   Compiling spl-tlv-account-resolution v0.7.0
   Compiling solana-address-lookup-table-interface v3.0.0
   Compiling solana-keccak-hasher v3.0.0
   Compiling tokio-stream v0.1.17
   Compiling toml_datetime v0.6.11
   Compiling serde_spanned v0.6.9
   Compiling toml_write v0.1.2
   Compiling instability v0.3.9
   Compiling solana-rpc-client-types v3.0.6
   Compiling option-ext v0.2.0
   Compiling paste v1.0.15
   Compiling dirs-sys v0.5.0
   Compiling spl-transfer-hook-interface v0.7.0
   Compiling solana-example-mocks v3.0.0
   Compiling signal-hook-mio v0.2.4
   Compiling solana-secp256k1-recover v3.0.0
   Compiling async-lock v3.4.1
   Compiling toml_edit v0.22.27
   Compiling strum_macros v0.26.4
   Compiling spl-token v6.0.0
   Compiling solana-rpc-client-api v3.0.6
   Compiling solana-pubsub-client v3.0.6
   Compiling spl-token-metadata-interface v0.4.0
   Compiling solana-security-txt v1.1.2
   Compiling solana-rpc-client v3.0.6
   Compiling spl-token-group-interface v0.3.0
   Compiling solana-client-traits v3.0.0
   Compiling unicode-normalization v0.1.24
   Compiling console v0.15.11
   Compiling spl-memo v5.0.0
   Compiling castaway v0.2.4
   Compiling solana-cpi v3.0.0
   Compiling solana-big-mod-exp v3.0.0
   Compiling solana-stable-layout v3.0.0
   Compiling solana-epoch-stake v3.0.0
   Compiling solana-program-pack v3.0.0
   Compiling solana-blake3-hasher v3.0.0
   Compiling itertools v0.13.0
   Compiling solana-borsh v3.0.0
   Compiling unicode-width v0.1.14
   Compiling clap_lex v0.7.5
   Compiling solana-hard-forks v3.0.0
   Compiling static_assertions v1.1.0
   Compiling siphasher v0.3.11
   Compiling solana-program-option v3.0.0
   Compiling unicode-bidi v0.3.18
   Compiling unicode-segmentation v1.12.0
   Compiling fastrand v2.3.0
   Compiling solana-native-token v3.0.0
   Compiling indoc v2.0.6
   Compiling solana-program v3.0.0
   Compiling solana-tpu-client v3.0.6
   Compiling solana-rpc-client-nonce-utils v3.0.6
   Compiling idna v0.5.0
   Compiling unicode-truncate v1.1.0
   Compiling tempfile v3.23.0
   Compiling clap_builder v4.5.48
   Compiling solana-epoch-rewards-hasher v3.0.0
   Compiling compact_str v0.8.1
   Compiling solana-shred-version v3.0.0
   Compiling spl-token-2022 v4.0.1
   Compiling toml v0.8.23
   Compiling strum v0.26.3
   Compiling solana-quic-client v3.0.6
   Compiling crossterm v0.28.1
   Compiling validator_derive v0.18.2
   Compiling dirs v6.0.0
   Compiling solana-udp-client v3.0.6
   Compiling env_filter v0.1.3
   Compiling clap_derive v4.5.47
   Compiling solana-offchain-message v3.0.0
   Compiling lru v0.12.5
   Compiling iana-time-zone v0.1.64
   Compiling solana-presigner v3.0.0
   Compiling crossbeam-queue v0.3.12
   Compiling solana-fee-structure v3.0.0
   Compiling number_prefix v0.4.0
   Compiling pathdiff v0.2.3
   Compiling shell-words v1.1.0
   Compiling jiff v0.2.15
   Compiling assert_matches v1.5.0
   Compiling cassowary v0.3.0
   Compiling dialoguer v0.11.0
   Compiling clap v4.5.48
   Compiling ratatui v0.29.0
   Compiling indicatif v0.17.11
   Compiling config v0.14.1
   Compiling solana-sdk v3.0.0
   Compiling spl-associated-token-account v4.0.0
   Compiling crossbeam v0.8.4
   Compiling chrono v0.4.42
   Compiling solana-client v3.0.6
   Compiling validator v0.18.1
   Compiling env_logger v0.11.8
   Compiling shellexpand v3.1.1
   Compiling dashmap v6.1.0
   Compiling uuid v1.18.1
   Compiling colored v2.2.0
   Compiling glob v0.3.3
   Compiling dotenv v0.15.0
   Compiling solana-grid-bot v0.2.5 (/Users/j-mc/Sol_Gridz/solana-grid-bot)
warning: method `calculate_correlation` is never used
   --> src/strategies/consensus_wma.rs:196:8
    |
165 | impl WMAConsensusEngine {
    | ----------------------- method in this implementation
...
196 |     fn calculate_correlation(&self, strategy1: &str, strategy2: &str) -> f64 {
    |        ^^^^^^^^^^^^^^^^^^^^^
    |
    = note: `#[warn(dead_code)]` on by default

warning: field `total_fees_saved` is never read
   --> src/strategies/fee_filter.rs:154:5
    |
144 | pub struct SmartFeeFilter {
    |            -------------- field in this struct
...
154 |     total_fees_saved: Arc<tokio::sync::RwLock<f64>>,
    |     ^^^^^^^^^^^^^^^^

warning: `solana-grid-bot` (lib) generated 2 warnings
    Finished `release` profile [optimized] target(s) in 2m 19s
