   Compiling cfg-if v1.0.3
   Compiling libc v0.2.177
   Compiling serde_core v1.0.228
   Compiling subtle v2.6.1
   Compiling const-oid v0.9.6
   Compiling typenum v1.19.0
   Compiling zerocopy v0.8.27
   Compiling zeroize v1.8.2
   Compiling zerocopy-derive v0.8.27
   Compiling five8_core v0.1.2
   Compiling borsh v1.5.7
   Compiling five8 v0.2.1
   Compiling bytemuck v1.24.0
   Compiling generic-array v0.14.8
   Compiling num-traits v0.2.19
   Compiling five8_const v0.1.4
   Compiling getrandom v0.2.16
   Compiling cpufeatures v0.2.17
   Compiling rand_core v0.6.4
   Compiling block-buffer v0.10.4
   Compiling once_cell v1.21.3
   Compiling memchr v2.7.6
   Compiling crypto-common v0.1.6
   Compiling digest v0.10.7
   Compiling itoa v1.0.15
   Compiling getrandom v0.3.3
   Compiling log v0.4.28
   Compiling solana-sanitize v3.0.1
   Compiling sha2 v0.10.9
   Compiling ryu v1.0.20
   Compiling solana-atomic-u64 v3.0.0
   Compiling solana-sanitize v2.2.1
   Compiling solana-atomic-u64 v2.2.1
   Compiling lazy_static v1.5.0
   Compiling solana-decode-error v2.3.0
   Compiling fnv v1.0.7
   Compiling pin-project-lite v0.2.16
   Compiling smallvec v1.15.1
   Compiling percent-encoding v2.3.2
   Compiling base64 v0.22.1
   Compiling scopeguard v1.2.0
   Compiling thiserror v2.0.17
   Compiling parking_lot_core v0.9.12
   Compiling lock_api v0.4.14
   Compiling arrayref v0.3.9
   Compiling futures-core v0.3.31
   Compiling signal-hook-registry v1.4.6
   Compiling serde v1.0.228
   Compiling serde_json v1.0.145
   Compiling constant_time_eq v0.3.1
   Compiling arrayvec v0.7.6
   Compiling parking_lot v0.12.5
   Compiling mio v1.0.4
   Compiling blake3 v1.8.2
   Compiling either v1.15.0
   Compiling socket2 v0.6.1
   Compiling curve25519-dalek v4.1.3
   Compiling bincode v1.3.3
   Compiling solana-hash v3.0.0
   Compiling solana-program-error v3.0.0
   Compiling bitflags v2.9.4
   Compiling solana-sha256-hasher v3.0.0
   Compiling solana-hash v2.3.0
   Compiling ppv-lite86 v0.2.21
   Compiling ahash v0.8.12
   Compiling solana-sha256-hasher v2.3.0
   Compiling bytes v1.10.1
   Compiling hashbrown v0.13.2
   Compiling rand_chacha v0.3.1
   Compiling solana-instruction-error v2.0.0
   Compiling bv v0.11.1
   Compiling zerofrom v0.1.6
   Compiling stable_deref_trait v1.2.1
   Compiling rand v0.8.5
   Compiling yoke v0.8.0
   Compiling tokio v1.47.1
   Compiling borsh v0.10.4
   Compiling signature v2.2.0
   Compiling futures-sink v0.3.31
   Compiling slab v0.4.11
   Compiling solana-address v1.0.0
   Compiling untrusted v0.9.0
   Compiling ring v0.17.14
   Compiling solana-pubkey v3.0.0
   Compiling solana-pubkey v2.4.0
   Compiling solana-instruction v2.3.3
   Compiling solana-sdk-ids v3.0.0
   Compiling solana-sdk-ids v2.2.1
   Compiling serde_bytes v0.11.19
   Compiling num-integer v0.1.46
   Compiling zerovec v0.11.4
   Compiling solana-sysvar-id v3.0.0
   Compiling equivalent v1.0.2
   Compiling thiserror v1.0.69
   Compiling solana-sysvar-id v2.2.1
   Compiling solana-instruction v3.0.0
   Compiling futures-channel v0.3.31
   Compiling hmac v0.12.1
   Compiling pin-utils v0.1.0
   Compiling futures-io v0.3.31
   Compiling futures-task v0.3.31
   Compiling crossbeam-utils v0.8.21
   Compiling ed25519 v2.2.3
   Compiling solana-transaction-error v3.0.0
   Compiling litemap v0.8.0
   Compiling futures-util v0.3.31
   Compiling writeable v0.6.1
   Compiling ed25519-dalek v2.2.0
   Compiling zerotrie v0.2.2
   Compiling derivation-path v0.2.0
   Compiling byteorder v1.5.0
   Compiling num-bigint v0.4.6
   Compiling tinystr v0.8.1
   Compiling potential_utf v0.1.3
   Compiling serde-big-array v0.5.1
   Compiling icu_locale_core v2.0.0
   Compiling icu_collections v2.0.0
   Compiling qstring v0.7.2
   Compiling uriparse v0.6.4
   Compiling bs58 v0.5.1
   Compiling solana-signature v3.1.0
   Compiling icu_provider v2.0.0
   Compiling icu_properties_data v2.0.1
   Compiling icu_normalizer_data v2.0.0
   Compiling tracing-core v0.1.34
   Compiling rustls-pki-types v1.12.0
   Compiling solana-msg v2.2.1
   Compiling hashbrown v0.16.0
   Compiling tracing v0.1.41
   Compiling solana-program-error v2.2.2
   Compiling icu_normalizer v2.0.0
   Compiling icu_properties v2.0.1
   Compiling memoffset v0.9.1
   Compiling http v1.3.1
   Compiling form_urlencoded v1.2.2
   Compiling indexmap v2.11.4
   Compiling pbkdf2 v0.11.0
   Compiling keccak v0.1.5
   Compiling httparse v1.10.1
   Compiling rustls-webpki v0.103.7
   Compiling solana-system-interface v1.0.0
   Compiling utf8_iter v1.0.4
   Compiling solana-program-memory v2.3.1
   Compiling http-body v1.0.1
   Compiling solana-account-info v2.3.0
   Compiling sha3 v0.10.8
   Compiling solana-signer v3.0.0
   Compiling idna_adapter v1.2.1
   Compiling idna v1.1.0
   Compiling rustls v0.23.32
   Compiling solana-clock v2.2.3
   Compiling solana-program-memory v3.0.0
   Compiling tokio-util v0.7.16
   Compiling solana-clock v3.0.0
   Compiling solana-account-info v3.0.0
   Compiling solana-short-vec v3.0.0
   Compiling try-lock v0.2.5
   Compiling alloc-no-stdlib v2.0.4
   Compiling tower-service v0.3.3
   Compiling url v2.5.7
   Compiling atomic-waker v1.1.2
   Compiling solana-msg v3.0.0
   Compiling opaque-debug v0.3.1
   Compiling alloc-stdlib v0.2.2
   Compiling h2 v0.4.12
   Compiling solana-message v3.0.1
   Compiling want v0.3.1
   Compiling getrandom v0.1.16
   Compiling solana-epoch-schedule v3.0.0
   Compiling solana-slot-hashes v3.0.0
   Compiling solana-fee-calculator v3.0.0
   Compiling httpdate v1.0.3
   Compiling simd-adler32 v0.3.7
   Compiling adler2 v2.0.1
   Compiling miniz_oxide v0.8.9
   Compiling rand_core v0.5.1
   Compiling crc32fast v1.5.0
   Compiling brotli-decompressor v5.0.0
   Compiling solana-rent v3.0.0
   Compiling solana-transaction-error v2.2.1
   Compiling digest v0.9.0
   Compiling ipnet v2.11.0
   Compiling solana-define-syscall v3.0.0
   Compiling solana-program-entrypoint v3.1.0
   Compiling flate2 v1.1.4
   Compiling brotli v8.0.2
   Compiling crunchy v0.2.4
   Compiling rand_chacha v0.2.2
   Compiling solana-rent v2.2.1
   Compiling solana-last-restart-slot v3.0.0
   Compiling solana-epoch-rewards v3.0.0
   Compiling solana-slot-hashes v2.2.1
   Compiling solana-slot-history v3.0.0
   Compiling solana-serialize-utils v2.2.1
   Compiling solana-short-vec v2.2.1
   Compiling solana-fee-calculator v2.2.1
   Compiling sync_wrapper v1.0.2
   Compiling block-buffer v0.9.0
   Compiling compression-core v0.4.29
   Compiling tower-layer v0.3.3
   Compiling sha2 v0.9.9
   Compiling solana-sysvar v3.0.0
   Compiling rand v0.7.3
   Compiling tower v0.5.2
   Compiling tokio-rustls v0.26.4
   Compiling libsecp256k1-core v0.2.2
   Compiling solana-cpi v2.2.1
   Compiling http-body-util v0.1.3
   Compiling hyper v1.7.0
   Compiling serde_urlencoded v0.7.1
   Compiling webpki-roots v1.0.3
   Compiling solana-bincode v2.2.1
   Compiling itertools v0.12.1
   Compiling iri-string v0.7.8
   Compiling base64 v0.12.3
   Compiling libsecp256k1 v0.6.0
   Compiling hyper-util v0.1.17
   Compiling compression-codecs v0.4.31
   Compiling async-compression v0.4.32
   Compiling tower-http v0.6.6
   Compiling solana-message v2.4.0
   Compiling solana-stake-interface v1.2.1
   Compiling solana-nonce v2.2.1
   Compiling solana-instructions-sysvar v2.2.2
   Compiling solana-address-lookup-table-interface v2.2.2
   Compiling solana-account v2.2.1
   Compiling hyper-rustls v0.27.7
   Compiling solana-keccak-hasher v2.2.1
   Compiling solana-program-entrypoint v2.3.0
   Compiling solana-last-restart-slot v2.2.1
   Compiling solana-epoch-rewards v2.2.1
   Compiling solana-epoch-schedule v2.2.1
   Compiling solana-slot-history v2.2.1
   Compiling solana-serde-varint v2.2.2
   Compiling allocator-api2 v0.2.21
   Compiling reqwest v0.12.23
   Compiling solana-sysvar v2.3.0
   Compiling solana-vote-interface v2.2.6
   Compiling solana-example-mocks v2.2.1
   Compiling solana-feature-gate-interface v2.2.2
   Compiling solana-secp256k1-recover v2.2.1
   Compiling solana-account v3.1.0
   Compiling solana-loader-v3-interface v5.0.0
   Compiling solana-loader-v4-interface v2.2.1
   Compiling solana-program-pack v2.2.1
   Compiling solana-big-mod-exp v2.2.1
   Compiling crossbeam-epoch v0.9.18
   Compiling solana-loader-v2-interface v2.2.1
   Compiling solana-stable-layout v2.2.1
   Compiling solana-serialize-utils v3.1.0
   Compiling solana-borsh v2.2.1
   Compiling solana-blake3-hasher v2.2.1
   Compiling inout v0.1.4
   Compiling void v1.0.2
   Compiling solana-native-token v2.3.0
   Compiling solana-program-option v2.2.1
   Compiling unreachable v1.0.0
   Compiling cipher v0.4.4
   Compiling crossbeam-deque v0.8.6
   Compiling solana-instructions-sysvar v3.0.0
   Compiling zstd-sys v2.0.16+zstd.1.5.7
   Compiling futures-executor v0.3.31
   Compiling solana-derivation-path v3.0.0
   Compiling rand_core v0.9.3
   Compiling ascii v0.9.3
   Compiling core-foundation-sys v0.8.7
   Compiling minimal-lexical v0.2.1
   Compiling solana-seed-derivable v3.0.0
   Compiling futures v0.3.31
   Compiling zstd-safe v7.2.4
   Compiling combine v3.8.1
   Compiling nom v7.1.3
   Compiling solana-transaction v3.0.1
   Compiling solana-seed-phrase v3.0.0
   Compiling hash32 v0.3.1
   Compiling ed25519-dalek-bip32 v0.3.0
   Compiling crossbeam-channel v0.5.15
   Compiling solana-serde-varint v3.0.0
   Compiling universal-hash v0.5.1
   Compiling powerfmt v0.2.0
   Compiling rustc-demangle v0.1.26
   Compiling deranged v0.5.4
   Compiling polyval v0.6.2
   Compiling solana-keypair v3.0.1
   Compiling zstd v0.13.3
   Compiling anyhow v1.0.100
   Compiling portable-atomic v1.11.1
   Compiling rayon-core v1.13.0
   Compiling rand_chacha v0.9.0
   Compiling aes v0.8.4
   Compiling ctr v0.9.2
   Compiling solana-derivation-path v2.2.1
   Compiling solana-program v2.3.0
   Compiling solana-commitment-config v3.0.0
   Compiling solana-signature v2.3.0
   Compiling aead v0.5.2
   Compiling data-encoding v2.9.0
   Compiling unicode-width v0.2.0
   Compiling solana-sbpf v0.12.2
   Compiling solana-time-utils v3.0.0
   Compiling tinyvec_macros v0.1.1
   Compiling solana-svm-feature-set v3.0.6
   Compiling time-core v0.1.6
   Compiling num-conv v0.1.0
   Compiling agave-feature-set v3.0.6
   Compiling tinyvec v1.10.0
   Compiling time v0.3.44
   Compiling aes-gcm-siv v0.11.1
   Compiling solana-signer v2.2.1
   Compiling solana-seed-derivable v2.2.1
   Compiling rayon v1.11.0
   Compiling rand v0.9.2
   Compiling rusticata-macros v4.1.0
   Compiling solana-account-decoder-client-types v3.0.6
   Compiling serde_with v3.15.0
   Compiling merlin v3.0.0
   Compiling solana-seed-phrase v2.2.1
   Compiling solana-transaction-context v3.0.6
   Compiling solana-curve25519 v2.3.13
   Compiling solana-cluster-type v3.0.0
   Compiling solana-reward-info v3.0.0
   Compiling solana-inflation v3.0.0
   Compiling gethostname v0.2.3
   Compiling der v0.7.10
   Compiling semver v1.0.27
   Compiling solana-packet v3.0.0
   Compiling solana-metrics v3.0.6
   Compiling solana-zk-token-sdk v2.3.13
   Compiling solana-version v3.0.6
   Compiling asn1-rs v0.5.2
   Compiling solana-transaction-status-client-types v3.0.6
   Compiling spl-program-error v0.5.0
   Compiling core-foundation v0.10.1
   Compiling security-framework-sys v2.15.0
   Compiling concurrent-queue v2.5.0
   Compiling rustls-webpki v0.101.7
   Compiling spl-generic-token v2.0.1
   Compiling errno v0.3.14
   Compiling regex-syntax v0.8.7
   Compiling solana-rpc-client-types v3.0.6
   Compiling security-framework v3.5.1
   Compiling spl-discriminator v0.3.0
   Compiling spki v0.7.3
   Compiling num-bigint v0.2.6
   Compiling libm v0.2.15
   Compiling hashbrown v0.14.5
   Compiling sct v0.7.1
   Compiling solana-serde v3.0.0
   Compiling aho-corasick v1.1.3
   Compiling ff v0.13.1
   Compiling num_cpus v1.17.0
   Compiling base64 v0.13.1
   Compiling siphasher v1.0.1
   Compiling base16ct v0.2.0
   Compiling fastbloom v0.14.0
   Compiling rustls-platform-verifier v0.6.1
   Compiling dlopen2 v0.5.0
   Compiling sec1 v0.7.3
   Compiling solana-rayon-threadlimit v3.0.6
   Compiling group v0.13.0
   Compiling rustls v0.21.12
   Compiling regex-automata v0.4.12
   Compiling num-rational v0.2.4
   Compiling pkcs8 v0.10.2
   Compiling num-complex v0.2.4
   Compiling nix v0.30.1
   Compiling oid-registry v0.6.1
   Compiling der-parser v8.2.0
   Compiling reqwest-middleware v0.4.2
   Compiling jsonrpc-core v18.0.0
   Compiling solana-system-interface v2.0.0
   Compiling num-iter v0.1.45
   Compiling solana-epoch-info v3.0.0
   Compiling crypto-bigint v0.5.5
   Compiling rustc-hash v2.1.1
   Compiling solana-measure v3.0.6
   Compiling foldhash v0.1.5
   Compiling lru-slab v0.1.2
   Compiling utf8parse v0.2.2
   Compiling quinn-proto v0.11.13
   Compiling anstyle-parse v0.2.7
   Compiling hashbrown v0.15.2
   Compiling spl-pod v0.3.1
   Compiling regex v1.12.1
   Compiling elliptic-curve v0.13.8
   Compiling num_enum v0.7.4
   Compiling solana-rpc-client-api v3.0.6
   Compiling solana-net-utils v3.0.6
   Compiling num v0.2.1
   Compiling spl-type-length-value v0.5.0
   Compiling x509-parser v0.14.0
   Compiling solana-perf v3.0.6
   Compiling quinn-udp v0.5.14
   Compiling dashmap v5.5.3
   Compiling webpki-roots v0.24.0
   Compiling console v0.16.1
   Compiling solana-quic-definitions v3.0.0
   Compiling solana-nonce v3.0.0
   Compiling quanta v0.12.6
   Compiling rfc6979 v0.4.0
   Compiling http v0.2.12
   Compiling spinning_top v0.3.0
   Compiling sha1 v0.10.6
   Compiling futures-timer v3.0.3
   Compiling anstyle-query v1.1.4
   Compiling unit-prefix v0.5.1
   Compiling utf-8 v0.7.6
   Compiling event-listener v2.5.3
   Compiling no-std-compat v0.4.1
   Compiling parking v2.2.1
   Compiling nonzero_ext v0.3.0
   Compiling is_terminal_polyfill v1.70.1
   Compiling colorchoice v1.0.4
   Compiling anstyle v1.0.13
   Compiling governor v0.6.3
   Compiling tungstenite v0.20.1
   Compiling event-listener v5.4.1
   Compiling anstream v0.6.21
   Compiling async-channel v1.9.0
   Compiling indicatif v0.18.0
   Compiling ecdsa v0.16.9
   Compiling quinn v0.11.9
   Compiling solana-transaction-metrics-tracker v3.0.6
   Compiling solana-tls-utils v3.0.6
   Compiling percentage v0.1.0
   Compiling rustix v1.1.2
   Compiling solana-connection-cache v3.0.6
   Compiling tokio-rustls v0.24.1
   Compiling pem v1.1.1
   Compiling solana-vote-interface v3.0.0
   Compiling tokio-stream v0.1.17
   Compiling solana-feature-gate-interface v3.0.0
   Compiling fastrand v2.3.0
   Compiling arc-swap v1.7.1
   Compiling webpki-roots v0.25.4
   Compiling histogram v0.6.9
   Compiling tokio-tungstenite v0.20.1
   Compiling tempfile v3.23.0
   Compiling solana-streamer v3.0.6
   Compiling solana-rpc-client v3.0.6
   Compiling k256 v0.13.4
   Compiling signal-hook v0.3.18
   Compiling event-listener-strategy v0.5.4
   Compiling spl-tlv-account-resolution v0.7.0
   Compiling solana-address-lookup-table-interface v3.0.0
   Compiling solana-keccak-hasher v3.0.0
   Compiling half v2.7.0
   Compiling serde_spanned v0.6.9
   Compiling toml_datetime v0.6.11
   Compiling toml_write v0.1.2
   Compiling plotters-backend v0.3.7
   Compiling strsim v0.11.1
   Compiling option-ext v0.2.0
   Compiling ciborium-io v0.2.2
   Compiling winnow v0.7.13
   Compiling clap_lex v0.7.5
   Compiling spl-transfer-hook-interface v0.7.0
   Compiling clap_builder v4.5.48
   Compiling ciborium-ll v0.2.2
   Compiling dirs-sys v0.5.0
   Compiling plotters-svg v0.3.7
   Compiling solana-example-mocks v3.0.0
   Compiling solana-secp256k1-recover v3.0.0
   Compiling signal-hook-mio v0.2.4
   Compiling async-lock v3.4.1
   Compiling solana-pubsub-client v3.0.6
   Compiling rustix v0.38.44
   Compiling toml_edit v0.22.27
   Compiling spl-token-metadata-interface v0.4.0
   Compiling spl-token-group-interface v0.3.0
   Compiling spl-token v6.0.0
   Compiling solana-security-txt v1.1.2
   Compiling solana-client-traits v3.0.0
   Compiling unicode-normalization v0.1.24
   Compiling spl-memo v5.0.0
   Compiling console v0.15.11
   Compiling castaway v0.2.4
   Compiling solana-cpi v3.0.0
   Compiling solana-big-mod-exp v3.0.0
   Compiling solana-stable-layout v3.0.0
   Compiling solana-epoch-stake v3.0.0
   Compiling solana-program-pack v3.0.0
   Compiling solana-blake3-hasher v3.0.0
   Compiling itertools v0.10.5
   Compiling itertools v0.13.0
   Compiling solana-borsh v3.0.0
   Compiling wait-timeout v0.2.1
   Compiling async-stream-impl v0.3.6
   Compiling bit-vec v0.8.0
   Compiling quick-error v1.2.3
   Compiling same-file v1.0.6
   Compiling cast v0.3.0
   Compiling solana-hard-forks v3.0.0
   Compiling unicode-width v0.1.14
   Compiling static_assertions v1.1.0
   Compiling solana-native-token v3.0.0
   Compiling siphasher v0.3.11
   Compiling unicode-segmentation v1.12.0
   Compiling solana-program-option v3.0.0
   Compiling unicode-bidi v0.3.18
   Compiling solana-epoch-rewards-hasher v3.0.0
   Compiling solana-program v3.0.0
   Compiling compact_str v0.8.1
   Compiling unicode-truncate v1.1.0
   Compiling criterion-plot v0.5.0
   Compiling idna v0.5.0
   Compiling solana-shred-version v3.0.0
   Compiling walkdir v2.5.0
   Compiling async-stream v0.3.6
   Compiling rusty-fork v0.3.1
   Compiling bit-set v0.8.0
   Compiling spl-token-2022 v4.0.1
   Compiling toml v0.8.23
   Compiling solana-tpu-client v3.0.6
   Compiling strum v0.26.3
   Compiling clap v4.5.48
   Compiling crossterm v0.28.1
   Compiling solana-quic-client v3.0.6
   Compiling solana-rpc-client-nonce-utils v3.0.6
   Compiling plotters v0.3.7
   Compiling dirs v6.0.0
   Compiling ciborium v0.2.2
   Compiling solana-udp-client v3.0.6
   Compiling solana-offchain-message v3.0.0
   Compiling lru v0.12.5
   Compiling env_filter v0.1.3
   Compiling iana-time-zone v0.1.64
   Compiling rand_xorshift v0.4.0
   Compiling solana-presigner v3.0.0
   Compiling crossbeam-queue v0.3.12
   Compiling tinytemplate v1.2.1
   Compiling assert-json-diff v2.0.2
   Compiling solana-fee-structure v3.0.0
   Compiling colored v2.2.0
   Compiling is-terminal v0.4.16
   Compiling number_prefix v0.4.0
   Compiling pathdiff v0.2.3
   Compiling assert_matches v1.5.0
   Compiling diff v0.1.13
   Compiling oorandom v11.1.5
   Compiling yansi v1.0.1
   Compiling jiff v0.2.15
   Compiling shell-words v1.1.0
   Compiling unarray v0.1.4
   Compiling similar v2.7.0
   Compiling cassowary v0.3.0
   Compiling anes v0.1.6
   Compiling ratatui v0.29.0
   Compiling criterion v0.5.1
   Compiling mockito v1.7.0
   Compiling proptest v1.8.0
   Compiling dialoguer v0.11.0
   Compiling spl-associated-token-account v4.0.0
   Compiling env_logger v0.11.8
   Compiling pretty_assertions v1.4.1
   Compiling config v0.14.1
   Compiling indicatif v0.17.11
   Compiling solana-sdk v3.0.0
   Compiling crossbeam v0.8.4
   Compiling chrono v0.4.42
   Compiling solana-client v3.0.6
   Compiling shellexpand v3.1.1
   Compiling validator v0.18.1
   Compiling tokio-test v0.4.4
   Compiling dashmap v6.1.0
   Compiling uuid v1.18.1
   Compiling dotenv v0.15.0
   Compiling glob v0.3.3
   Compiling solana-grid-bot v0.2.5 (/Users/j-mc/Sol_Gridz/solana-grid-bot)
warning: method `calculate_correlation` is never used
   --> src/strategies/consensus_wma.rs:196:8
    |
165 | impl WMAConsensusEngine {
    | ----------------------- method in this implementation
...
196 |     fn calculate_correlation(&self, strategy1: &str, strategy2: &str) -> f64 {
    |        ^^^^^^^^^^^^^^^^^^^^^
    |
    = note: `#[warn(dead_code)]` on by default

warning: field `total_fees_saved` is never read
   --> src/strategies/fee_filter.rs:154:5
    |
144 | pub struct SmartFeeFilter {
    |            -------------- field in this struct
...
154 |     total_fees_saved: Arc<tokio::sync::RwLock<f64>>,
    |     ^^^^^^^^^^^^^^^^

warning: `solana-grid-bot` (lib test) generated 2 warnings
    Finished `release` profile [optimized] target(s) in 2m 01s
     Running unittests src/lib.rs (target/release/deps/solana_grid_bot-c1f75dc21dcfe59a)

running 209 tests
test bots::grid_bot::tests::test_bot_creation ... ok
test dex::market_state::tests::test_is_valid ... ok
test dex::market_state::tests::test_mid_price ... ok
test dex::jupiter_client::tests::test_client_creation ... ok
test dex::jupiter_client::tests::test_simulate_buy ... ok
test dex::jupiter_client::tests::test_simulate_sell ... ok
test dex::jupiter_client::tests::test_custom_slippage ... ok
test dex::jupiter_client::tests::test_stats ... ok
test dex::market_state::tests::test_spread_calculation ... ok
test dex::serum_client::tests::test_custom_lot_sizes ... ok
test dex::serum_client::tests::test_order_validation ... ok
test dex::serum_client::tests::test_price_conversion ... ok
test dex::tests::test_fee_calculation ... ok
test dex::tests::test_order_side ... ok
test dex::serum_client::tests::test_size_conversion ... ok
test dex::tests::test_order_status ... ok
test dex::tests::test_order_validation ... ok
test dex::tests::test_order_value ... ok
test dex::tests::test_slippage ... ok
test dex::tests::test_position_pnl ... ok
test indicators::atr::tests::test_atr_calculation ... ok
test indicators::atr::tests::test_atr_creation ... ok
test indicators::ema::tests::test_ema_calculation ... ok
test indicators::macd::tests::test_macd_calculation ... ok
test indicators::atr::tests::test_atr_percentile ... ok
test indicators::macd::tests::test_macd_creation ... ok
test indicators::sma::tests::test_sma_calculation ... ok
test indicators::tests::test_atr_percentile ... ok
test indicators::tests::test_bollinger_bands ... ok
test indicators::tests::test_ema ... ok
test indicators::tests::test_macd ... ok
test indicators::tests::test_sma ... ok
test risk::circuit_breaker::tests::test_circuit_breaker_creation ... ok
test risk::circuit_breaker::tests::test_consecutive_losses ... ok
test risk::circuit_breaker::tests::test_daily_loss_limit_fires_as_percentage ... ok
test risk::circuit_breaker::tests::test_profit_resets_streak ... ok
test security::keystore::tests::test_config_validation ... ok
test security::keystore::tests::test_daily_limits_validation ... ok
test strategies::arbitrage::tests::test_arbitrage_creation ... ok
test strategies::arbitrage::tests::test_no_opportunity_when_spread_too_small ... ok
test strategies::arbitrage::tests::test_opportunity_detection ... ok
test strategies::arbitrage::tests::test_profitability_check ... ok
test strategies::consensus::tests::test_majority_vote_returns_expected ... ok
test strategies::consensus::tests::test_weighted_mode_produces_signal ... ok
test strategies::consensus::tests::test_single_returns_first ... ok
test strategies::consensus_wma::tests::test_confidence_filtering ... ok
test strategies::consensus_wma::tests::test_strategy_registration ... ok
test strategies::consensus_wma::tests::test_weight_updates ... ok
test strategies::consensus_wma::tests::test_weighted_voting ... ok
test strategies::consensus_wma::tests::test_wma_creation ... ok
test strategies::fee_filter::tests::test_grace_period ... ok
test strategies::fee_filter::tests::test_profitable_trade ... ok
test strategies::fee_filter::tests::test_regime_adjustment ... ok
test strategies::fee_filter::tests::test_unprofitable_trade ... ok
test strategies::grid_rebalancer::tests::test_environment_overrides ... ok
test strategies::grid_rebalancer::tests::test_config_validation ... ok
test strategies::grid_rebalancer::tests::test_atr_dynamic_mode_warms_up ... ok
test strategies::grid_rebalancer::tests::test_builder_spacing_mode ... ok
test strategies::grid_rebalancer::tests::test_level_analytics_hot_levels ... ok
test strategies::grid_rebalancer::tests::test_fill_notification_legacy ... ok
test strategies::grid_rebalancer::tests::test_level_analytics_profitable_levels ... ok
test strategies::grid_rebalancer::tests::test_get_level_analytics_report ... ok
test strategies::grid_rebalancer::tests::test_level_analytics_records_fills ... ok
test strategies::grid_rebalancer::tests::test_level_snapshot_avg_distance ... ok
test strategies::grid_rebalancer::tests::test_level_snapshot_avg_distance_none_when_zero ... ok
test strategies::grid_rebalancer::tests::test_on_fill_updates_bias ... ok
test strategies::grid_rebalancer::tests::test_on_fill_with_level_id_tracked ... ok
test strategies::grid_rebalancer::tests::test_on_fill_without_level_id_counted ... ok
test strategies::grid_rebalancer::tests::test_regime_gate_disabled ... ok
test strategies::grid_rebalancer::tests::test_spacing_mode_default ... ok
test strategies::mean_reversion::tests::test_buy_signal_below_mean ... ok
test strategies::mean_reversion::tests::test_config_driven_creation ... ok
test strategies::mean_reversion::tests::test_mean_reversion_creation ... ok
test strategies::mean_reversion::tests::test_hold_near_mean ... ok
test strategies::mean_reversion::tests::test_sell_signal_above_mean ... ok
test strategies::momentum::tests::test_config_driven_creation ... ok
test strategies::momentum::tests::test_downtrend_detection ... ok
test strategies::momentum::tests::test_momentum_creation ... ok
test strategies::momentum_macd::tests::test_config_driven_creation ... ok
test strategies::momentum::tests::test_uptrend_detection ... ok
test strategies::momentum_macd::tests::test_downtrend_detection ... ok
test strategies::momentum_macd::tests::test_crossover_detection ... ok
test strategies::momentum_macd::tests::test_macd_creation ... ok
test strategies::momentum_macd::tests::test_uptrend_detection ... ok
test strategies::rsi::tests::test_config_driven_creation ... ok
test strategies::rsi::tests::test_neutral_zone ... ok
test strategies::rsi::tests::test_overbought_signal ... ok
test strategies::rsi::tests::test_oversold_signal ... ok
test strategies::rsi::tests::test_rsi_creation ... ok
test strategies::rsi_enhanced::tests::test_enhanced_rsi_creation ... ok
test strategies::rsi_enhanced::tests::test_config_driven_creation ... ok
test strategies::shared::analytics::atr_dynamic::tests::test_atr_warmup_and_value ... ok
test strategies::rsi_enhanced::tests::test_oversold_with_ma_confirmation ... ok
test strategies::shared::analytics::fee_filter::tests::test_allows_trade_when_profit_above_required ... ok
test strategies::shared::analytics::atr_dynamic::tests::test_dynamic_spacing_clamping ... ok
test strategies::shared::analytics::fee_filter::tests::test_blocks_trade_below_required_profit ... ok
test strategies::shared::analytics::atr_dynamic::tests::test_percentage_conversion ... ok
test strategies::shared::analytics::fee_filter::tests::test_config_validation_okay ... ok
test strategies::shared::analytics::fee_filter::tests::test_disabled_returns_blocked_disabled ... ok
test strategies::shared::analytics::fee_filter::tests::test_invalid_prices_block ... ok
test strategies::shared::analytics::fee_filter::tests::test_net_profit_computation_range ... ok
test strategies::shared::analytics::fee_filter::tests::test_profit_threshold_scaling ... ok
test strategies::shared::analytics::regime_detection::tests::test_analyze_combined_output_consistency ... ok
test strategies::shared::analytics::regime_detection::tests::test_default_gate_allows_real_sol_volatility ... ok
test strategies::shared::analytics::regime_detection::tests::test_default_gate_blocks_dead_market ... ok
test strategies::shared::analytics::regime_detection::tests::test_get_current_regime_getter ... ok
test strategies::shared::analytics::regime_detection::tests::test_no_pause_in_high_volatility ... ok
test strategies::shared::analytics::regime_detection::tests::test_manual_regime_threshold_override ... ok
test strategies::shared::analytics::tests::test_bps_conversion_accuracy ... ok
test strategies::shared::analytics::regime_detection::tests::test_pause_when_below_min_threshold ... ok
test strategies::shared::analytics::tests::test_context_builds_successfully ... ok
test strategies::shared::analytics::regime_detection::tests::test_severity_scale_and_icon_labels ... ok
test strategies::shared::analytics::tests::test_context_from_regime_gate_config ... ok
test strategies::shared::analytics::regime_detection::tests::test_threshold_ordering_basic ... ok
test strategies::shared::analytics::tests::test_get_current_regime ... ok
test strategies::shared::analytics::tests::test_get_current_volatility_non_blocking ... ok
test strategies::shared::analytics::tests::test_regime_config_conversion_from_owned ... ok
test strategies::shared::analytics::tests::test_regime_config_conversion_from_reference ... ok
test strategies::shared::analytics::tests::test_get_volatility_stats_non_blocking ... ok
test strategies::shared::analytics::tests::test_toml_min_vol_gate_fires_correctly ... ok
test strategies::shared::analytics::tests::test_toml_regime_classifies_real_sol_vol ... ok
test strategies::shared::analytics::volatility_calc::tests::test_combined_index_weighted_value ... ok
test strategies::shared::analytics::volatility_calc::tests::test_reset_functionality ... ok
test strategies::shared::analytics::volatility_calc::tests::test_low_volatility_should_respect_thresholds ... ok
test strategies::shared::analytics::volatility_calc::tests::test_high_volatility_detects_range_and_stddev ... ok
test strategies::shared::analytics::volatility_calc::tests::test_small_sample_behavior ... ok
test strategies::shared::analytics::volatility_calc::tests::test_stats_output_consistency ... ok
test strategies::shared::signals::mean_signal::tests::test_neutral_state_before_warmup ... ok
test strategies::shared::analytics::tests::test_summary_runs_without_panic ... ok
test strategies::shared::analytics::tests::test_volatility_lock_and_stats_safe ... ok
test strategies::shared::signals::mean_signal::tests::test_mean_signal_uptrend_and_downtrend ... ok
test strategies::shared::analytics::tests::test_full_pipeline_toml_to_trading ... ok
test strategies::shared::signals::momentum_signal::tests::test_cross_event_detection ... ok
test strategies::shared::signals::tests::test_all_signals_exist ... ok
test strategies::shared::signals::mean_signal::tests::test_mean_reset ... ok
test strategies::shared::signals::momentum_signal::tests::test_momentum_reset ... ok
test strategies::shared::tests::test_context_regime_access ... ok
test strategies::shared::tests::test_regime_detector_getter_safe_access ... ok
test strategies::tests::test_manager_consensus_integration ... ok
test strategies::tests::test_notify_fill_fanout ... ok
test strategies::shared::tests::test_shared_initialization ... ok
test strategies::tests::test_on_fill_default_noop ... ok
test strategies::tests::test_signal_confidence_method ... ok
test strategies::tests::test_signal_display_with_level_id ... ok
test strategies::tests::test_signal_strength_v55 ... ok
test tests::test_build_info ... ok
test tests::test_init ... ok
test tests::test_prelude_imports ... ok
test tests::test_version ... ok
test tests::test_version_string ... ok
test trading::adaptive_optimizer::tests::test_limits_enforced ... ok
test trading::adaptive_optimizer::tests::test_optimizer_creation ... ok
test trading::adaptive_optimizer::tests::test_position_size_scales_with_efficiency ... ok
test trading::adaptive_optimizer::tests::test_spacing_tightens_on_low_drawdown ... ok
test trading::adaptive_optimizer::tests::test_spacing_widens_on_high_drawdown ... ok
test trading::adaptive_optimizer::tests::test_warmup_guard_blocks_early_optimization ... ok
test trading::adaptive_optimizer::tests::test_warmup_guard_releases_after_fills ... ok
test trading::executor::tests::test_config_validation ... ok
test trading::executor::tests::test_default_config ... ok
test trading::executor::tests::test_execution_stats ... ok
test trading::grid_level::tests::test_get_all_levels_includes_all_statuses ... ok
test trading::grid_level::tests::test_grid_level_status_transitions ... ok
test trading::grid_level::tests::test_get_level ... ok
test trading::grid_level::tests::test_grid_state_tracker ... ok
test trading::grid_level::tests::test_mark_cancelled ... ok
test trading::grid_level::tests::test_reposition_safety ... ok
test trading::jupiter_client::tests::test_builder_priority_fee ... ok
test trading::jupiter_client::tests::test_config_default ... ok
test trading::jupiter_client::tests::test_config_default_url ... ok
test trading::jupiter_client::tests::test_get_quote_live ... ignored
test trading::jupiter_client::tests::test_format_amounts ... ok
test trading::jupiter_client::tests::test_wsol_alias ... ok
test trading::jupiter_client::tests::test_with_api_key ... ok
test trading::paper_trader::tests::test_drain_fills_returns_fill_event ... ok
test trading::paper_trader::tests::test_no_fills_when_price_does_not_match ... ok
test trading::paper_trader::tests::test_place_order ... ok
test trading::paper_trader::tests::test_trading_engine_trait_paper ... ok
test trading::paper_trader::tests::test_wallet_creation ... ok
test trading::price_feed::tests::test_initialization ... ok
test trading::price_feed::tests::test_metrics ... ok
test trading::price_feed::tests::test_mode ... ok
test trading::price_feed::tests::test_volatility_empty ... ok
test trading::price_feed::tests::test_volatility_returns_percentage ... ok
test trading::pyth_http::tests::test_normalize_id ... ok
test trading::pyth_http::tests::test_feed_creation ... ok
test trading::pyth_http::tests::test_symbol_mapping ... ok
test trading::real_trader::tests::test_config_validation ... ok
test trading::real_trader::tests::test_slippage_validation ... ok
test trading::tests::test_fill_event_builder_chain ... ok
test trading::tests::test_fill_event_construction ... ok
test trading::tests::test_fill_event_no_pnl ... ok
test trading::tests::test_fill_event_sell_side_distance ... ok
test trading::tests::test_fill_event_with_level_id ... ok
test trading::tests::test_module_exports ... ok
test trading::tests::test_order_placement_result_detailed ... ok
test trading::tests::test_order_placement_result_simple ... ok
test trading::trade::tests::test_efficiency ... ok
test trading::trade::tests::test_fee_calculation ... ok
test trading::trade::tests::test_losing_trade ... ok
test trading::trade::tests::test_return_per_hour ... ok
test trading::trade::tests::test_sell_trade ... ok
test trading::trade::tests::test_trade_creation ... ok
test trading::trade::tests::test_winning_trade ... ok
test strategies::shared::signals::momentum_signal::tests::test_momentum_signal_downtrend ... ok
test strategies::shared::signals::momentum_signal::tests::test_momentum_signal_uptrend ... ok
test strategies::shared::signals::rsi_signal::tests::test_rsi_signal_basic ... ok
test strategies::shared::signals::rsi_signal::tests::test_rsi_reset ... ok
test strategies::shared::signals::rsi_signal::tests::test_signal_classification ... ok
test strategies::shared::signals::tests::test_signal_trait_basics ... ok

test result: ok. 208 passed; 0 failed; 1 ignored; 0 measured; 0 filtered out; finished in 0.01s

